10:35:55 PM - Projects in this build: 
    * tsconfig.app.json
    * tsconfig.node.json
    * tsconfig.json

10:35:55 PM - Project 'tsconfig.app.json' is being forcibly rebuilt

10:35:55 PM - Building project 'C:/Users/NXTWAVE/Downloads/Team outing/get_outing/tsconfig.app.json'...

src/components/Admin.tsx(1,8): error TS6133: 'React' is declared but its value is never read.
src/components/Admin.tsx(2,1): error TS6133: 'motion' is declared but its value is never read.
10:35:56 PM - Project 'tsconfig.node.json' is being forcibly rebuilt

10:35:56 PM - Building project 'C:/Users/NXTWAVE/Downloads/Team outing/get_outing/tsconfig.node.json'...

